启动管理服务 (端口: 8080)...
cd admin-api/admin && go run . -f etc/admin-api.yaml
2025/07/08 19:49:59 Successfully connected to MongoDB: localhost:27017
2025/07/08 19:49:59 Successfully connected to Redis: localhost:6379
Starting server at 0.0.0.0:8080...
{"@timestamp":"2025-07-08T19:50:59.504+08:00","caller":"stat/usage.go:61","content":"CPU: 0m, MEMORY: Alloc=1.8Mi, TotalAlloc=1.8Mi, Sys=12.5Mi, NumGC=0","level":"stat"}
{"@timestamp":"2025-07-08T19:50:59.552+08:00","caller":"load/sheddingstat.go:61","content":"(api) shedding_stat [1m], cpu: 0, total: 0, pass: 0, drop: 0","level":"stat"}
{"@timestamp":"2025-07-08T19:51:59.502+08:00","caller":"stat/usage.go:61","content":"CPU: 0m, MEMORY: Alloc=1.8Mi, TotalAlloc=1.8Mi, Sys=12.5Mi, NumGC=0","level":"stat"}
{"@timestamp":"2025-07-08T19:51:59.550+08:00","caller":"load/sheddingstat.go:61","content":"(api) shedding_stat [1m], cpu: 0, total: 0, pass: 0, drop: 0","level":"stat"}
{"@timestamp":"2025-07-08T19:52:59.501+08:00","caller":"stat/usage.go:61","content":"CPU: 0m, MEMORY: Alloc=1.9Mi, TotalAlloc=1.9Mi, Sys=12.5Mi, NumGC=0","level":"stat"}
{"@timestamp":"2025-07-08T19:52:59.551+08:00","caller":"load/sheddingstat.go:61","content":"(api) shedding_stat [1m], cpu: 0, total: 0, pass: 0, drop: 0","level":"stat"}
{"@timestamp":"2025-07-08T19:53:59.500+08:00","caller":"stat/usage.go:61","content":"CPU: 0m, MEMORY: Alloc=1.9Mi, TotalAlloc=1.9Mi, Sys=12.5Mi, NumGC=0","level":"stat"}
{"@timestamp":"2025-07-08T19:53:59.550+08:00","caller":"load/sheddingstat.go:61","content":"(api) shedding_stat [1m], cpu: 0, total: 0, pass: 0, drop: 0","level":"stat"}
{"@timestamp":"2025-07-08T19:54:59.500+08:00","caller":"stat/usage.go:61","content":"CPU: 0m, MEMORY: Alloc=2.0Mi, TotalAlloc=2.0Mi, Sys=12.5Mi, NumGC=0","level":"stat"}
{"@timestamp":"2025-07-08T19:54:59.550+08:00","caller":"load/sheddingstat.go:61","content":"(api) shedding_stat [1m], cpu: 0, total: 0, pass: 0, drop: 0","level":"stat"}
{"@timestamp":"2025-07-08T19:55:59.502+08:00","caller":"stat/usage.go:61","content":"CPU: 0m, MEMORY: Alloc=2.1Mi, TotalAlloc=2.1Mi, Sys=12.5Mi, NumGC=0","level":"stat"}
{"@timestamp":"2025-07-08T19:55:59.551+08:00","caller":"load/sheddingstat.go:61","content":"(api) shedding_stat [1m], cpu: 0, total: 0, pass: 0, drop: 0","level":"stat"}
{"@timestamp":"2025-07-08T19:56:59.499+08:00","caller":"stat/usage.go:61","content":"CPU: 0m, MEMORY: Alloc=2.1Mi, TotalAlloc=2.1Mi, Sys=12.5Mi, NumGC=0","level":"stat"}
{"@timestamp":"2025-07-08T19:56:59.549+08:00","caller":"load/sheddingstat.go:61","content":"(api) shedding_stat [1m], cpu: 0, total: 0, pass: 0, drop: 0","level":"stat"}
{"@timestamp":"2025-07-08T19:57:59.498+08:00","caller":"stat/usage.go:61","content":"CPU: 0m, MEMORY: Alloc=2.2Mi, TotalAlloc=2.2Mi, Sys=12.5Mi, NumGC=0","level":"stat"}
{"@timestamp":"2025-07-08T19:57:59.548+08:00","caller":"load/sheddingstat.go:61","content":"(api) shedding_stat [1m], cpu: 0, total: 0, pass: 0, drop: 0","level":"stat"}
{"@timestamp":"2025-07-08T19:58:06.533+08:00","caller":"handler/loghandler.go:147","content":"[HTTP] 404 - GET /health - [::1]:56156 - curl/8.7.1","duration":"0.0ms","level":"info","span":"ee8a1d33bd012b2f","trace":"7d850648baa54e1d0aaedc773ae83982"}
{"@timestamp":"2025-07-08T19:58:59.498+08:00","caller":"stat/usage.go:61","content":"CPU: 0m, MEMORY: Alloc=2.3Mi, TotalAlloc=2.3Mi, Sys=12.5Mi, NumGC=0","level":"stat"}
{"@timestamp":"2025-07-08T19:58:59.548+08:00","caller":"load/sheddingstat.go:61","content":"(api) shedding_stat [1m], cpu: 0, total: 0, pass: 0, drop: 0","level":"stat"}
{"@timestamp":"2025-07-08T19:59:35.362+08:00","caller":"handler/loghandler.go:147","content":"[HTTP] 400 - POST /api/v1/admin/auth/login - [::1]:56477 - curl/8.7.1","duration":"1.0ms","level":"info","span":"92454b80d5041f64","trace":"abd5c464bc235d7e066f61da64bfc629"}
{"@timestamp":"2025-07-08T19:59:59.498+08:00","caller":"stat/usage.go:61","content":"CPU: 0m, MEMORY: Alloc=2.4Mi, TotalAlloc=2.4Mi, Sys=12.5Mi, NumGC=0","level":"stat"}
{"@timestamp":"2025-07-08T19:59:59.547+08:00","caller":"load/sheddingstat.go:61","content":"(api) shedding_stat [1m], cpu: 0, total: 1, pass: 1, drop: 0","level":"stat"}
{"@timestamp":"2025-07-08T20:00:35.365+08:00","caller":"stat/metrics.go:210","content":"(admin-api) - qps: 0.0/s, drops: 0, avg time: 0.0ms, med: 0.9ms, 90th: 0.9ms, 99th: 0.9ms, 99.9th: 0.9ms","level":"stat"}
{"@timestamp":"2025-07-08T20:00:59.499+08:00","caller":"stat/usage.go:61","content":"CPU: 0m, MEMORY: Alloc=2.4Mi, TotalAlloc=2.4Mi, Sys=12.5Mi, NumGC=0","level":"stat"}
{"@timestamp":"2025-07-08T20:00:59.546+08:00","caller":"load/sheddingstat.go:61","content":"(api) shedding_stat [1m], cpu: 0, total: 0, pass: 0, drop: 0","level":"stat"}
{"@timestamp":"2025-07-08T20:01:35.365+08:00","caller":"stat/metrics.go:210","content":"(admin-api) - qps: 0.0/s, drops: 0, avg time: 0.0ms, med: 0.0ms, 90th: 0.0ms, 99th: 0.0ms, 99.9th: 0.0ms","level":"stat"}
{"@timestamp":"2025-07-08T20:01:59.497+08:00","caller":"stat/usage.go:61","content":"CPU: 0m, MEMORY: Alloc=2.5Mi, TotalAlloc=2.5Mi, Sys=12.5Mi, NumGC=0","level":"stat"}
{"@timestamp":"2025-07-08T20:01:59.546+08:00","caller":"load/sheddingstat.go:61","content":"(api) shedding_stat [1m], cpu: 0, total: 0, pass: 0, drop: 0","level":"stat"}
{"@timestamp":"2025-07-08T20:02:35.362+08:00","caller":"stat/metrics.go:210","content":"(admin-api) - qps: 0.0/s, drops: 0, avg time: 0.0ms, med: 0.0ms, 90th: 0.0ms, 99th: 0.0ms, 99.9th: 0.0ms","level":"stat"}
{"@timestamp":"2025-07-08T20:02:59.497+08:00","caller":"stat/usage.go:61","content":"CPU: 0m, MEMORY: Alloc=2.5Mi, TotalAlloc=2.5Mi, Sys=12.5Mi, NumGC=0","level":"stat"}
{"@timestamp":"2025-07-08T20:02:59.546+08:00","caller":"load/sheddingstat.go:61","content":"(api) shedding_stat [1m], cpu: 0, total: 0, pass: 0, drop: 0","level":"stat"}
{"@timestamp":"2025-07-08T20:03:35.361+08:00","caller":"stat/metrics.go:210","content":"(admin-api) - qps: 0.0/s, drops: 0, avg time: 0.0ms, med: 0.0ms, 90th: 0.0ms, 99th: 0.0ms, 99.9th: 0.0ms","level":"stat"}
{"@timestamp":"2025-07-08T20:03:59.495+08:00","caller":"stat/usage.go:61","content":"CPU: 0m, MEMORY: Alloc=2.6Mi, TotalAlloc=2.6Mi, Sys=12.5Mi, NumGC=0","level":"stat"}
{"@timestamp":"2025-07-08T20:03:59.546+08:00","caller":"load/sheddingstat.go:61","content":"(api) shedding_stat [1m], cpu: 0, total: 0, pass: 0, drop: 0","level":"stat"}
{"@timestamp":"2025-07-08T20:04:35.361+08:00","caller":"stat/metrics.go:210","content":"(admin-api) - qps: 0.0/s, drops: 0, avg time: 0.0ms, med: 0.0ms, 90th: 0.0ms, 99th: 0.0ms, 99.9th: 0.0ms","level":"stat"}
{"@timestamp":"2025-07-08T20:04:59.495+08:00","caller":"stat/usage.go:61","content":"CPU: 0m, MEMORY: Alloc=2.7Mi, TotalAlloc=2.7Mi, Sys=12.5Mi, NumGC=0","level":"stat"}
{"@timestamp":"2025-07-08T20:04:59.546+08:00","caller":"load/sheddingstat.go:61","content":"(api) shedding_stat [1m], cpu: 0, total: 0, pass: 0, drop: 0","level":"stat"}
{"@timestamp":"2025-07-08T20:05:35.361+08:00","caller":"stat/metrics.go:210","content":"(admin-api) - qps: 0.0/s, drops: 0, avg time: 0.0ms, med: 0.0ms, 90th: 0.0ms, 99th: 0.0ms, 99.9th: 0.0ms","level":"stat"}
{"@timestamp":"2025-07-08T20:05:59.495+08:00","caller":"stat/usage.go:61","content":"CPU: 0m, MEMORY: Alloc=2.7Mi, TotalAlloc=2.7Mi, Sys=12.5Mi, NumGC=0","level":"stat"}
{"@timestamp":"2025-07-08T20:05:59.545+08:00","caller":"load/sheddingstat.go:61","content":"(api) shedding_stat [1m], cpu: 0, total: 0, pass: 0, drop: 0","level":"stat"}
{"@timestamp":"2025-07-08T20:06:35.360+08:00","caller":"stat/metrics.go:210","content":"(admin-api) - qps: 0.0/s, drops: 0, avg time: 0.0ms, med: 0.0ms, 90th: 0.0ms, 99th: 0.0ms, 99.9th: 0.0ms","level":"stat"}
{"@timestamp":"2025-07-08T20:06:59.495+08:00","caller":"stat/usage.go:61","content":"CPU: 0m, MEMORY: Alloc=2.8Mi, TotalAlloc=2.8Mi, Sys=12.5Mi, NumGC=0","level":"stat"}
{"@timestamp":"2025-07-08T20:06:59.544+08:00","caller":"load/sheddingstat.go:61","content":"(api) shedding_stat [1m], cpu: 0, total: 0, pass: 0, drop: 0","level":"stat"}
{"@timestamp":"2025-07-08T20:07:35.360+08:00","caller":"stat/metrics.go:210","content":"(admin-api) - qps: 0.0/s, drops: 0, avg time: 0.0ms, med: 0.0ms, 90th: 0.0ms, 99th: 0.0ms, 99.9th: 0.0ms","level":"stat"}
{"@timestamp":"2025-07-08T20:07:59.493+08:00","caller":"stat/usage.go:61","content":"CPU: 0m, MEMORY: Alloc=2.8Mi, TotalAlloc=2.8Mi, Sys=12.5Mi, NumGC=0","level":"stat"}
{"@timestamp":"2025-07-08T20:07:59.544+08:00","caller":"load/sheddingstat.go:61","content":"(api) shedding_stat [1m], cpu: 0, total: 0, pass: 0, drop: 0","level":"stat"}
{"@timestamp":"2025-07-08T20:08:35.359+08:00","caller":"stat/metrics.go:210","content":"(admin-api) - qps: 0.0/s, drops: 0, avg time: 0.0ms, med: 0.0ms, 90th: 0.0ms, 99th: 0.0ms, 99.9th: 0.0ms","level":"stat"}
{"@timestamp":"2025-07-08T20:08:59.494+08:00","caller":"stat/usage.go:61","content":"CPU: 0m, MEMORY: Alloc=2.9Mi, TotalAlloc=2.9Mi, Sys=12.5Mi, NumGC=0","level":"stat"}
{"@timestamp":"2025-07-08T20:08:59.543+08:00","caller":"load/sheddingstat.go:61","content":"(api) shedding_stat [1m], cpu: 0, total: 0, pass: 0, drop: 0","level":"stat"}
{"@timestamp":"2025-07-08T20:09:35.359+08:00","caller":"stat/metrics.go:210","content":"(admin-api) - qps: 0.0/s, drops: 0, avg time: 0.0ms, med: 0.0ms, 90th: 0.0ms, 99th: 0.0ms, 99.9th: 0.0ms","level":"stat"}
{"@timestamp":"2025-07-08T20:09:59.494+08:00","caller":"stat/usage.go:61","content":"CPU: 0m, MEMORY: Alloc=3.0Mi, TotalAlloc=3.0Mi, Sys=12.5Mi, NumGC=0","level":"stat"}
{"@timestamp":"2025-07-08T20:09:59.543+08:00","caller":"load/sheddingstat.go:61","content":"(api) shedding_stat [1m], cpu: 0, total: 0, pass: 0, drop: 0","level":"stat"}
{"@timestamp":"2025-07-08T20:10:35.358+08:00","caller":"stat/metrics.go:210","content":"(admin-api) - qps: 0.0/s, drops: 0, avg time: 0.0ms, med: 0.0ms, 90th: 0.0ms, 99th: 0.0ms, 99.9th: 0.0ms","level":"stat"}
{"@timestamp":"2025-07-08T20:10:59.498+08:00","caller":"stat/usage.go:61","content":"CPU: 0m, MEMORY: Alloc=3.0Mi, TotalAlloc=3.0Mi, Sys=12.5Mi, NumGC=0","level":"stat"}
{"@timestamp":"2025-07-08T20:10:59.542+08:00","caller":"load/sheddingstat.go:61","content":"(api) shedding_stat [1m], cpu: 0, total: 0, pass: 0, drop: 0","level":"stat"}
{"@timestamp":"2025-07-08T20:11:35.358+08:00","caller":"stat/metrics.go:210","content":"(admin-api) - qps: 0.0/s, drops: 0, avg time: 0.0ms, med: 0.0ms, 90th: 0.0ms, 99th: 0.0ms, 99.9th: 0.0ms","level":"stat"}
{"@timestamp":"2025-07-08T20:11:59.492+08:00","caller":"stat/usage.go:61","content":"CPU: 0m, MEMORY: Alloc=3.1Mi, TotalAlloc=3.1Mi, Sys=12.5Mi, NumGC=0","level":"stat"}
{"@timestamp":"2025-07-08T20:11:59.541+08:00","caller":"load/sheddingstat.go:61","content":"(api) shedding_stat [1m], cpu: 0, total: 0, pass: 0, drop: 0","level":"stat"}
{"@timestamp":"2025-07-08T20:12:35.358+08:00","caller":"stat/metrics.go:210","content":"(admin-api) - qps: 0.0/s, drops: 0, avg time: 0.0ms, med: 0.0ms, 90th: 0.0ms, 99th: 0.0ms, 99.9th: 0.0ms","level":"stat"}
{"@timestamp":"2025-07-08T20:12:59.492+08:00","caller":"stat/usage.go:61","content":"CPU: 0m, MEMORY: Alloc=3.1Mi, TotalAlloc=3.1Mi, Sys=12.5Mi, NumGC=0","level":"stat"}
{"@timestamp":"2025-07-08T20:12:59.541+08:00","caller":"load/sheddingstat.go:61","content":"(api) shedding_stat [1m], cpu: 0, total: 0, pass: 0, drop: 0","level":"stat"}
